// Jest Snapshot v1, https://goo.gl/fbAQLP

exports[`should render ExpenseList with empty message 1`] = `
<div>
  <p>
    No expenses.
  </p>
</div>
`;

exports[`should render ExpenseList with expenses 1`] = `
<div>
  <ExpenseListItem
    amount={3000}
    createdAt={-345600000}
    description="test1"
    id="1"
    key="1"
    note=""
  />
  <ExpenseListItem
    amount={2000}
    createdAt={"1970-01-01T00:00:00.000Z"}
    description="test2"
    id="2"
    key="2"
    note=""
  />
  <ExpenseListItem
    amount={1000}
    createdAt={345600000}
    description="3"
    id="3"
    key="3"
    note=""
  />
</div>
`;
